2026-07-29T16:02:46.339810Z  INFO herdr::api::server: api server listening path=/home/jorgeav527/.config/herdr/herdr.sock
2026-07-29T16:02:46.343530Z  INFO herdr::app: using pane scrollback configuration pane_scrollback_limit_bytes=10000000
2026-07-29T16:02:46.648107Z  INFO herdr::logging: checking for updates event="update.check.start" subsystem="update" outcome="started"
2026-07-29T16:02:46.654451Z  INFO herdr::logging: spawning pane terminal event="pane.spawn.start" subsystem="pane" outcome="started" pane_id=1 rows=24 cols=80 scrollback_limit_bytes=10000000
2026-07-29T16:02:46.657985Z  INFO herdr::logging: pane child spawned event="pane.spawned" subsystem="pane" outcome="ok" pane_id=1 pid=10656
2026-07-29T16:02:46.658863Z  INFO herdr::logging: workspace created event="workspace.create" subsystem="workspace" outcome="ok" workspace_id="w1" pane_id=1
2026-07-29T16:02:46.658898Z  INFO herdr::logging: workspace focused event="workspace.focus" subsystem="workspace" outcome="ok" workspace_id="w1"
2026-07-29T16:02:46.658957Z  INFO herdr::logging: tab focused event="tab.focus" subsystem="tab" outcome="ok" workspace_id="w1" tab_id="w1:t1"
2026-07-29T16:02:46.658994Z  INFO herdr::server::headless: created startup workspace cwd=/home/jorgeav527
2026-07-29T16:02:46.659257Z  INFO herdr::server::headless: client protocol socket listening path=/home/jorgeav527/.config/herdr/herdr-client.sock
2026-07-29T16:02:46.659379Z  INFO herdr::server::headless: herdr server started api_socket=/home/jorgeav527/.config/herdr/herdr.sock client_socket=/home/jorgeav527/.config/herdr/herdr-client.sock
2026-07-29T16:02:46.660328Z  INFO herdr::logging: herdr starting event="app.startup" subsystem="server" outcome="started" pid=10640
2026-07-29T16:02:46.694975Z  INFO herdr::server::headless: client connected client_id=2 cols=151 rows=38 cell_width_px=0 cell_height_px=0 render_encoding=SemanticFrame
2026-07-29T16:02:51.663201Z  INFO herdr::logging: session saved event="persist.save" subsystem="persist" outcome="ok" path=/home/jorgeav527/.config/herdr/session.json workspaces=1
2026-07-29T16:05:27.924883Z  INFO herdr::app::actions: copied selection to clipboard
2026-07-29T16:08:20.366863Z  INFO herdr::pane: agent changed pane=1 previous_agent=None agent=Some(OpenCode) process=opencode pgid=Some(11713)
2026-07-29T16:09:41.491867Z  INFO herdr::pane: agent changed pane=1 previous_agent=Some(OpenCode) agent=None pgid=Some(10656)
2026-07-29T16:32:46.649144Z  INFO herdr::logging: checking for updates event="update.check.start" subsystem="update" outcome="started"
2026-07-29T16:46:13.360836Z  INFO herdr::logging: spawning pane terminal event="pane.spawn.start" subsystem="pane" outcome="started" pane_id=2 rows=37 cols=125 scrollback_limit_bytes=10000000
2026-07-29T16:46:13.364186Z  INFO herdr::logging: pane child spawned event="pane.spawned" subsystem="pane" outcome="ok" pane_id=2 pid=15948
2026-07-29T16:46:13.365298Z  INFO herdr::logging: tab focused event="tab.focus" subsystem="tab" outcome="ok" workspace_id="w1" tab_id="w1:t2"
2026-07-29T16:46:18.369424Z  INFO herdr::logging: session saved event="persist.save" subsystem="persist" outcome="ok" path=/home/jorgeav527/.config/herdr/session.json workspaces=1
2026-07-29T16:54:40.490885Z  INFO herdr::app::actions: copied selection to clipboard
2026-07-29T16:55:34.099355Z  INFO herdr::logging: tab focused event="tab.focus" subsystem="tab" outcome="ok" workspace_id="w1" tab_id="w1:t1"
2026-07-29T16:55:39.101764Z  INFO herdr::logging: session saved event="persist.save" subsystem="persist" outcome="ok" path=/home/jorgeav527/.config/herdr/session.json workspaces=1
2026-07-29T17:02:46.649812Z  INFO herdr::logging: checking for updates event="update.check.start" subsystem="update" outcome="started"
2026-07-29T17:18:23.160213Z  INFO herdr::server::headless: client detach requested via keybind client_id=2
2026-07-29T17:18:23.170860Z  INFO herdr::server::headless: client disconnected client_id=2
2026-07-29T17:18:24.689648Z  INFO herdr::server::headless: client connected client_id=4 cols=151 rows=38 cell_width_px=0 cell_height_px=0 render_encoding=SemanticFrame
2026-07-29T17:32:46.651708Z  INFO herdr::logging: checking for updates event="update.check.start" subsystem="update" outcome="started"
2026-07-29T18:02:46.653585Z  INFO herdr::logging: checking for updates event="update.check.start" subsystem="update" outcome="started"
2026-07-29T18:08:15.146037Z  INFO herdr::logging: spawning pane terminal event="pane.spawn.start" subsystem="pane" outcome="started" pane_id=3 rows=37 cols=125 scrollback_limit_bytes=10000000
2026-07-29T18:08:15.150642Z  INFO herdr::logging: pane child spawned event="pane.spawned" subsystem="pane" outcome="ok" pane_id=3 pid=25105
2026-07-29T18:08:15.151435Z  INFO herdr::logging: workspace created event="workspace.create" subsystem="workspace" outcome="ok" workspace_id="w2" pane_id=3
2026-07-29T18:08:15.151479Z  INFO herdr::logging: workspace focused event="workspace.focus" subsystem="workspace" outcome="ok" workspace_id="w2"
2026-07-29T18:08:15.152035Z  INFO herdr::logging: tab focused event="tab.focus" subsystem="tab" outcome="ok" workspace_id="w2" tab_id="w2:t1"
2026-07-29T18:08:20.157807Z  INFO herdr::logging: session saved event="persist.save" subsystem="persist" outcome="ok" path=/home/jorgeav527/.config/herdr/session.json workspaces=2
2026-07-29T18:08:52.820112Z  INFO herdr::logging: workspace focused event="workspace.focus" subsystem="workspace" outcome="ok" workspace_id="w1"
2026-07-29T18:08:52.820918Z  INFO herdr::logging: tab focused event="tab.focus" subsystem="tab" outcome="ok" workspace_id="w1" tab_id="w1:t1"
2026-07-29T18:08:57.827394Z  INFO herdr::logging: session saved event="persist.save" subsystem="persist" outcome="ok" path=/home/jorgeav527/.config/herdr/session.json workspaces=2
2026-07-29T18:12:08.181916Z  INFO herdr::logging: tab focused event="tab.focus" subsystem="tab" outcome="ok" workspace_id="w1" tab_id="w1:t2"
2026-07-29T18:12:09.839687Z  INFO herdr::logging: tab focused event="tab.focus" subsystem="tab" outcome="ok" workspace_id="w1" tab_id="w1:t1"
2026-07-29T18:12:14.844945Z  INFO herdr::logging: session saved event="persist.save" subsystem="persist" outcome="ok" path=/home/jorgeav527/.config/herdr/session.json workspaces=2
2026-07-29T18:15:11.767433Z  INFO herdr::logging: tab focused event="tab.focus" subsystem="tab" outcome="ok" workspace_id="w1" tab_id="w1:t2"
2026-07-29T18:15:16.771283Z  INFO herdr::logging: session saved event="persist.save" subsystem="persist" outcome="ok" path=/home/jorgeav527/.config/herdr/session.json workspaces=2
2026-07-29T18:17:20.536187Z  INFO herdr::logging: tab focused event="tab.focus" subsystem="tab" outcome="ok" workspace_id="w1" tab_id="w1:t1"
2026-07-29T18:17:25.547137Z  INFO herdr::logging: session saved event="persist.save" subsystem="persist" outcome="ok" path=/home/jorgeav527/.config/herdr/session.json workspaces=2
2026-07-29T18:23:38.964846Z  INFO herdr::logging: tab focused event="tab.focus" subsystem="tab" outcome="ok" workspace_id="w1" tab_id="w1:t2"
2026-07-29T18:23:43.969810Z  INFO herdr::logging: session saved event="persist.save" subsystem="persist" outcome="ok" path=/home/jorgeav527/.config/herdr/session.json workspaces=2
2026-07-29T18:23:44.317603Z  INFO herdr::logging: tab focused event="tab.focus" subsystem="tab" outcome="ok" workspace_id="w1" tab_id="w1:t1"
2026-07-29T18:23:49.323203Z  INFO herdr::logging: session saved event="persist.save" subsystem="persist" outcome="ok" path=/home/jorgeav527/.config/herdr/session.json workspaces=2
2026-07-29T18:23:59.735904Z  INFO herdr::logging: tab focused event="tab.focus" subsystem="tab" outcome="ok" workspace_id="w1" tab_id="w1:t2"
2026-07-29T18:24:00.988221Z  INFO herdr::logging: tab focused event="tab.focus" subsystem="tab" outcome="ok" workspace_id="w1" tab_id="w1:t1"
2026-07-29T18:24:05.994505Z  INFO herdr::logging: session saved event="persist.save" subsystem="persist" outcome="ok" path=/home/jorgeav527/.config/herdr/session.json workspaces=2
2026-07-29T18:24:35.245272Z  INFO herdr::logging: tab focused event="tab.focus" subsystem="tab" outcome="ok" workspace_id="w1" tab_id="w1:t2"
2026-07-29T18:24:36.119422Z  INFO herdr::logging: tab focused event="tab.focus" subsystem="tab" outcome="ok" workspace_id="w1" tab_id="w1:t1"
2026-07-29T18:24:37.054607Z  INFO herdr::logging: tab focused event="tab.focus" subsystem="tab" outcome="ok" workspace_id="w1" tab_id="w1:t2"
2026-07-29T18:24:38.003697Z  INFO herdr::logging: tab focused event="tab.focus" subsystem="tab" outcome="ok" workspace_id="w1" tab_id="w1:t1"
2026-07-29T18:24:43.007297Z  INFO herdr::logging: session saved event="persist.save" subsystem="persist" outcome="ok" path=/home/jorgeav527/.config/herdr/session.json workspaces=2
2026-07-29T18:32:46.654974Z  INFO herdr::logging: checking for updates event="update.check.start" subsystem="update" outcome="started"
2026-07-29T18:34:08.511150Z  INFO herdr::logging: spawning pane terminal event="pane.spawn.start" subsystem="pane" outcome="started" pane_id=4 rows=37 cols=125 scrollback_limit_bytes=10000000
2026-07-29T18:34:08.515888Z  INFO herdr::logging: pane child spawned event="pane.spawned" subsystem="pane" outcome="ok" pane_id=4 pid=27614
2026-07-29T18:34:08.806764Z  INFO herdr::logging: tab focused event="tab.focus" subsystem="tab" outcome="ok" workspace_id="w1" tab_id="w1:t1"
2026-07-29T18:34:13.824626Z  INFO herdr::logging: session saved event="persist.save" subsystem="persist" outcome="ok" path=/home/jorgeav527/.config/herdr/session.json workspaces=2
2026-07-29T18:34:51.290013Z  INFO herdr::logging: spawning pane terminal event="pane.spawn.start" subsystem="pane" outcome="started" pane_id=5 rows=37 cols=125 scrollback_limit_bytes=10000000
2026-07-29T18:34:51.294119Z  INFO herdr::logging: pane child spawned event="pane.spawned" subsystem="pane" outcome="ok" pane_id=5 pid=27689
2026-07-29T18:34:51.295457Z  INFO herdr::logging: tab focused event="tab.focus" subsystem="tab" outcome="ok" workspace_id="w1" tab_id="w1:t1"
2026-07-29T18:34:56.298903Z  INFO herdr::logging: session saved event="persist.save" subsystem="persist" outcome="ok" path=/home/jorgeav527/.config/herdr/session.json workspaces=2
2026-07-29T18:35:10.778580Z  INFO herdr::logging: pane child exited event="pane.exit" subsystem="pane" outcome="completed" pane_id=5 status="ExitStatus { code: 0, signal: None }"
2026-07-29T18:35:10.785696Z  INFO herdr::pane: pane session terminated pane=5 pid=27689 signal=Hangup
2026-07-29T18:35:12.338803Z  INFO herdr::logging: pane child exited event="pane.exit" subsystem="pane" outcome="completed" pane_id=4 status="ExitStatus { code: 0, signal: None }"
2026-07-29T18:35:12.347537Z  INFO herdr::pane: pane session terminated pane=4 pid=27614 signal=Hangup
2026-07-29T18:35:17.358756Z  INFO herdr::logging: session saved event="persist.save" subsystem="persist" outcome="ok" path=/home/jorgeav527/.config/herdr/session.json workspaces=2
2026-07-29T18:35:26.879597Z  INFO herdr::logging: workspace focused event="workspace.focus" subsystem="workspace" outcome="ok" workspace_id="w1"
2026-07-29T18:35:26.880309Z  INFO herdr::logging: tab focused event="tab.focus" subsystem="tab" outcome="ok" workspace_id="w1" tab_id="w1:t1"
2026-07-29T18:35:29.210937Z  INFO herdr::logging: workspace focused event="workspace.focus" subsystem="workspace" outcome="ok" workspace_id="w2"
2026-07-29T18:35:29.211665Z  INFO herdr::logging: tab focused event="tab.focus" subsystem="tab" outcome="ok" workspace_id="w2" tab_id="w2:t1"
2026-07-29T18:35:33.700838Z  INFO herdr::logging: workspace focused event="workspace.focus" subsystem="workspace" outcome="ok" workspace_id="w1"
2026-07-29T18:35:33.701561Z  INFO herdr::logging: tab focused event="tab.focus" subsystem="tab" outcome="ok" workspace_id="w1" tab_id="w1:t1"
2026-07-29T18:35:38.706812Z  INFO herdr::logging: session saved event="persist.save" subsystem="persist" outcome="ok" path=/home/jorgeav527/.config/herdr/session.json workspaces=2
2026-07-29T19:02:46.656941Z  INFO herdr::logging: checking for updates event="update.check.start" subsystem="update" outcome="started"
2026-07-29T19:10:16.648416Z  INFO herdr::logging: spawning pane terminal event="pane.spawn.start" subsystem="pane" outcome="started" pane_id=6 rows=27 cols=97 scrollback_limit_bytes=10000000
2026-07-29T19:10:16.652779Z  INFO herdr::logging: pane child spawned event="pane.spawned" subsystem="pane" outcome="ok" pane_id=6 pid=30584
2026-07-29T19:10:31.800416Z  INFO herdr::logging: pane child exited event="pane.exit" subsystem="pane" outcome="completed" pane_id=6 status="ExitStatus { code: 0, signal: None }"
2026-07-29T19:10:31.810511Z  INFO herdr::pane: pane session terminated pane=6 pid=30584 signal=Hangup
2026-07-29T19:16:18.804595Z  INFO herdr::logging: workspace focused event="workspace.focus" subsystem="workspace" outcome="ok" workspace_id="w1"
2026-07-29T19:16:18.805344Z  INFO herdr::logging: tab focused event="tab.focus" subsystem="tab" outcome="ok" workspace_id="w1" tab_id="w1:t1"
2026-07-29T19:16:23.808961Z  INFO herdr::logging: session saved event="persist.save" subsystem="persist" outcome="ok" path=/home/jorgeav527/.config/herdr/session.json workspaces=2
2026-07-29T19:32:46.658523Z  INFO herdr::logging: checking for updates event="update.check.start" subsystem="update" outcome="started"
2026-07-29T20:02:46.660765Z  INFO herdr::logging: checking for updates event="update.check.start" subsystem="update" outcome="started"
2026-07-29T20:21:26.316266Z  INFO herdr::logging: tab focused event="tab.focus" subsystem="tab" outcome="ok" workspace_id="w1" tab_id="w1:t2"
2026-07-29T20:21:29.050267Z  INFO herdr::logging: tab focused event="tab.focus" subsystem="tab" outcome="ok" workspace_id="w1" tab_id="w1:t1"
2026-07-29T20:21:34.054992Z  INFO herdr::logging: session saved event="persist.save" subsystem="persist" outcome="ok" path=/home/jorgeav527/.config/herdr/session.json workspaces=2
2026-07-29T20:22:47.968539Z  INFO herdr::logging: spawning pane terminal event="pane.spawn.start" subsystem="pane" outcome="started" pane_id=7 rows=37 cols=125 scrollback_limit_bytes=10000000
2026-07-29T20:22:47.972728Z  INFO herdr::logging: pane child spawned event="pane.spawned" subsystem="pane" outcome="ok" pane_id=7 pid=34739
2026-07-29T20:22:47.973993Z  INFO herdr::logging: tab focused event="tab.focus" subsystem="tab" outcome="ok" workspace_id="w1" tab_id="w1:t1"
2026-07-29T20:22:52.979964Z  INFO herdr::logging: session saved event="persist.save" subsystem="persist" outcome="ok" path=/home/jorgeav527/.config/herdr/session.json workspaces=2
2026-07-29T20:22:54.000290Z  INFO herdr::logging: tab focused event="tab.focus" subsystem="tab" outcome="ok" workspace_id="w1" tab_id="w1:t1"
2026-07-29T20:22:55.620107Z  INFO herdr::logging: tab focused event="tab.focus" subsystem="tab" outcome="ok" workspace_id="w1" tab_id="w1:t1"
2026-07-29T20:22:56.947041Z  INFO herdr::logging: tab focused event="tab.focus" subsystem="tab" outcome="ok" workspace_id="w1" tab_id="w1:t1"
2026-07-29T20:23:01.951967Z  INFO herdr::logging: session saved event="persist.save" subsystem="persist" outcome="ok" path=/home/jorgeav527/.config/herdr/session.json workspaces=2
2026-07-29T20:23:04.591035Z  INFO herdr::logging: tab focused event="tab.focus" subsystem="tab" outcome="ok" workspace_id="w1" tab_id="w1:t2"
2026-07-29T20:23:05.937280Z  INFO herdr::logging: tab focused event="tab.focus" subsystem="tab" outcome="ok" workspace_id="w1" tab_id="w1:t1"
2026-07-29T20:23:10.940838Z  INFO herdr::logging: session saved event="persist.save" subsystem="persist" outcome="ok" path=/home/jorgeav527/.config/herdr/session.json workspaces=2
2026-07-29T20:23:13.957892Z  INFO herdr::logging: tab focused event="tab.focus" subsystem="tab" outcome="ok" workspace_id="w1" tab_id="w1:t1"
2026-07-29T20:23:15.626626Z  INFO herdr::logging: pane child exited event="pane.exit" subsystem="pane" outcome="completed" pane_id=7 status="ExitStatus { code: 1, signal: None }"
2026-07-29T20:23:15.635591Z  INFO herdr::pane: pane session terminated pane=7 pid=34739 signal=Hangup
2026-07-29T20:23:15.636178Z  WARN herdr::app::actions: PaneDied for unknown pane pane=7
2026-07-29T20:23:20.638622Z  INFO herdr::logging: session saved event="persist.save" subsystem="persist" outcome="ok" path=/home/jorgeav527/.config/herdr/session.json workspaces=2
2026-07-29T20:24:46.370370Z  INFO herdr::logging: spawning pane terminal event="pane.spawn.start" subsystem="pane" outcome="started" pane_id=8 rows=37 cols=125 scrollback_limit_bytes=10000000
2026-07-29T20:24:46.376126Z  INFO herdr::logging: pane child spawned event="pane.spawned" subsystem="pane" outcome="ok" pane_id=8 pid=35213
2026-07-29T20:24:46.377747Z  INFO herdr::logging: tab focused event="tab.focus" subsystem="tab" outcome="ok" workspace_id="w1" tab_id="w1:t1"
2026-07-29T20:24:50.697678Z  INFO herdr::logging: pane child exited event="pane.exit" subsystem="pane" outcome="completed" pane_id=8 status="ExitStatus { code: 1, signal: None }"
2026-07-29T20:24:50.707896Z  INFO herdr::pane: pane session terminated pane=8 pid=35213 signal=Hangup
2026-07-29T20:24:50.708717Z  WARN herdr::app::actions: PaneDied for unknown pane pane=8
2026-07-29T20:24:55.710062Z  INFO herdr::logging: session saved event="persist.save" subsystem="persist" outcome="ok" path=/home/jorgeav527/.config/herdr/session.json workspaces=2
2026-07-29T20:25:18.291935Z  INFO herdr::logging: spawning pane terminal event="pane.spawn.start" subsystem="pane" outcome="started" pane_id=9 rows=27 cols=97 scrollback_limit_bytes=10000000
2026-07-29T20:25:18.296385Z  INFO herdr::logging: pane child spawned event="pane.spawned" subsystem="pane" outcome="ok" pane_id=9 pid=35561
2026-07-29T20:25:27.627399Z  INFO herdr::logging: pane child exited event="pane.exit" subsystem="pane" outcome="completed" pane_id=9 status="ExitStatus { code: 0, signal: None }"
2026-07-29T20:25:27.635365Z  INFO herdr::pane: pane session terminated pane=9 pid=35561 signal=Hangup
2026-07-29T20:25:36.106939Z  INFO herdr::logging: spawning pane terminal event="pane.spawn.start" subsystem="pane" outcome="started" pane_id=10 rows=27 cols=97 scrollback_limit_bytes=10000000
2026-07-29T20:25:36.111351Z  INFO herdr::logging: pane child spawned event="pane.spawned" subsystem="pane" outcome="ok" pane_id=10 pid=35635
2026-07-29T20:25:44.033262Z  INFO herdr::logging: pane child exited event="pane.exit" subsystem="pane" outcome="completed" pane_id=10 status="ExitStatus { code: 0, signal: None }"
2026-07-29T20:25:44.036149Z  INFO herdr::pane: pane session terminated pane=10 pid=35635 signal=Hangup
2026-07-29T20:26:35.534949Z  INFO herdr::logging: spawning pane terminal event="pane.spawn.start" subsystem="pane" outcome="started" pane_id=11 rows=27 cols=97 scrollback_limit_bytes=10000000
2026-07-29T20:26:35.539404Z  INFO herdr::logging: pane child spawned event="pane.spawned" subsystem="pane" outcome="ok" pane_id=11 pid=35791
2026-07-29T20:26:39.936375Z  INFO herdr::logging: pane child exited event="pane.exit" subsystem="pane" outcome="completed" pane_id=11 status="ExitStatus { code: 0, signal: None }"
2026-07-29T20:26:39.943000Z  INFO herdr::pane: pane session terminated pane=11 pid=35791 signal=Hangup
2026-07-29T20:27:58.595614Z  INFO herdr::logging: spawning pane terminal event="pane.spawn.start" subsystem="pane" outcome="started" pane_id=12 rows=37 cols=125 scrollback_limit_bytes=10000000
2026-07-29T20:27:58.600211Z  INFO herdr::logging: pane child spawned event="pane.spawned" subsystem="pane" outcome="ok" pane_id=12 pid=35957
2026-07-29T20:27:58.601728Z  INFO herdr::logging: tab focused event="tab.focus" subsystem="tab" outcome="ok" workspace_id="w1" tab_id="w1:t1"
2026-07-29T20:28:03.607299Z  INFO herdr::logging: session saved event="persist.save" subsystem="persist" outcome="ok" path=/home/jorgeav527/.config/herdr/session.json workspaces=2
2026-07-29T20:28:05.733347Z  INFO herdr::logging: tab focused event="tab.focus" subsystem="tab" outcome="ok" workspace_id="w1" tab_id="w1:t1"
2026-07-29T20:28:14.922594Z  INFO herdr::logging: tab focused event="tab.focus" subsystem="tab" outcome="ok" workspace_id="w1" tab_id="w1:t1"
2026-07-29T20:28:16.744998Z  INFO herdr::logging: pane child exited event="pane.exit" subsystem="pane" outcome="completed" pane_id=12 status="ExitStatus { code: 1, signal: None }"
2026-07-29T20:28:16.755967Z  INFO herdr::pane: pane session terminated pane=12 pid=35957 signal=Hangup
2026-07-29T20:28:16.756568Z  WARN herdr::app::actions: PaneDied for unknown pane pane=12
2026-07-29T20:28:21.758973Z  INFO herdr::logging: session saved event="persist.save" subsystem="persist" outcome="ok" path=/home/jorgeav527/.config/herdr/session.json workspaces=2
2026-07-29T20:30:04.421708Z  INFO herdr::logging: tab focused event="tab.focus" subsystem="tab" outcome="ok" workspace_id="w1" tab_id="w1:t2"
2026-07-29T20:30:05.918726Z  INFO herdr::logging: tab focused event="tab.focus" subsystem="tab" outcome="ok" workspace_id="w1" tab_id="w1:t1"
2026-07-29T20:30:10.922470Z  INFO herdr::logging: session saved event="persist.save" subsystem="persist" outcome="ok" path=/home/jorgeav527/.config/herdr/session.json workspaces=2
2026-07-29T20:30:37.778127Z  INFO herdr::logging: tab focused event="tab.focus" subsystem="tab" outcome="ok" workspace_id="w1" tab_id="w1:t2"
2026-07-29T20:30:38.528192Z  INFO herdr::logging: tab focused event="tab.focus" subsystem="tab" outcome="ok" workspace_id="w1" tab_id="w1:t1"
2026-07-29T20:30:39.371291Z  INFO herdr::logging: tab focused event="tab.focus" subsystem="tab" outcome="ok" workspace_id="w1" tab_id="w1:t2"
2026-07-29T20:30:40.345636Z  INFO herdr::logging: tab focused event="tab.focus" subsystem="tab" outcome="ok" workspace_id="w1" tab_id="w1:t1"
2026-07-29T20:30:45.349580Z  INFO herdr::logging: session saved event="persist.save" subsystem="persist" outcome="ok" path=/home/jorgeav527/.config/herdr/session.json workspaces=2
2026-07-29T20:37:05.133974Z  INFO herdr::logging: checking for updates event="update.check.start" subsystem="update" outcome="started"
2026-07-29T20:37:58.208360Z  INFO herdr::logging: tab focused event="tab.focus" subsystem="tab" outcome="ok" workspace_id="w1" tab_id="w1:t2"
2026-07-29T20:37:59.246816Z  INFO herdr::logging: tab focused event="tab.focus" subsystem="tab" outcome="ok" workspace_id="w1" tab_id="w1:t1"
2026-07-29T20:38:00.348862Z  INFO herdr::logging: tab focused event="tab.focus" subsystem="tab" outcome="ok" workspace_id="w1" tab_id="w1:t2"
2026-07-29T20:38:01.290080Z  INFO herdr::logging: tab focused event="tab.focus" subsystem="tab" outcome="ok" workspace_id="w1" tab_id="w1:t1"
2026-07-29T20:38:06.295401Z  INFO herdr::logging: session saved event="persist.save" subsystem="persist" outcome="ok" path=/home/jorgeav527/.config/herdr/session.json workspaces=2
2026-07-29T20:45:06.049074Z  INFO herdr::logging: tab focused event="tab.focus" subsystem="tab" outcome="ok" workspace_id="w1" tab_id="w1:t2"
2026-07-29T20:45:11.053751Z  INFO herdr::logging: session saved event="persist.save" subsystem="persist" outcome="ok" path=/home/jorgeav527/.config/herdr/session.json workspaces=2
2026-07-29T20:46:22.864527Z  INFO herdr::server::headless: client detach requested via keybind client_id=4
2026-07-29T20:46:22.873012Z  INFO herdr::server::headless: client disconnected client_id=4
2026-07-29T20:46:49.278970Z  INFO herdr::server::headless: client connected client_id=6 cols=151 rows=38 cell_width_px=9 cell_height_px=20 render_encoding=SemanticFrame
2026-07-29T20:47:16.152160Z  INFO herdr::logging: tab focused event="tab.focus" subsystem="tab" outcome="ok" workspace_id="w1" tab_id="w1:t1"
2026-07-29T20:47:21.155512Z  INFO herdr::logging: session saved event="persist.save" subsystem="persist" outcome="ok" path=/home/jorgeav527/.config/herdr/session.json workspaces=2
2026-07-29T20:47:43.440502Z  INFO herdr::logging: tab focused event="tab.focus" subsystem="tab" outcome="ok" workspace_id="w1" tab_id="w1:t2"
2026-07-29T20:47:48.444533Z  INFO herdr::logging: session saved event="persist.save" subsystem="persist" outcome="ok" path=/home/jorgeav527/.config/herdr/session.json workspaces=2
2026-07-29T20:49:26.189936Z  INFO herdr::logging: tab focused event="tab.focus" subsystem="tab" outcome="ok" workspace_id="w1" tab_id="w1:t1"
2026-07-29T20:49:31.193365Z  INFO herdr::logging: session saved event="persist.save" subsystem="persist" outcome="ok" path=/home/jorgeav527/.config/herdr/session.json workspaces=2
2026-07-29T20:52:28.216496Z  INFO herdr::logging: tab focused event="tab.focus" subsystem="tab" outcome="ok" workspace_id="w1" tab_id="w1:t2"
2026-07-29T20:52:31.949311Z  INFO herdr::logging: pane child exited event="pane.exit" subsystem="pane" outcome="completed" pane_id=2 status="ExitStatus { code: 1, signal: None }"
2026-07-29T20:52:31.955363Z  INFO herdr::pane: pane session terminated pane=2 pid=15948 signal=Hangup
2026-07-29T20:52:31.957679Z  WARN herdr::app::actions: PaneDied for unknown pane pane=2
2026-07-29T20:52:36.960580Z  INFO herdr::logging: session saved event="persist.save" subsystem="persist" outcome="ok" path=/home/jorgeav527/.config/herdr/session.json workspaces=2
2026-07-29T20:52:38.424440Z  INFO herdr::logging: workspace focused event="workspace.focus" subsystem="workspace" outcome="ok" workspace_id="w2"
2026-07-29T20:52:38.425246Z  INFO herdr::logging: tab focused event="tab.focus" subsystem="tab" outcome="ok" workspace_id="w2" tab_id="w2:t1"
2026-07-29T20:52:43.430184Z  INFO herdr::logging: session saved event="persist.save" subsystem="persist" outcome="ok" path=/home/jorgeav527/.config/herdr/session.json workspaces=2
2026-07-29T21:01:30.278824Z  INFO herdr::logging: workspace focused event="workspace.focus" subsystem="workspace" outcome="ok" workspace_id="w1"
2026-07-29T21:01:30.279545Z  INFO herdr::logging: tab focused event="tab.focus" subsystem="tab" outcome="ok" workspace_id="w1" tab_id="w1:t1"
2026-07-29T21:01:35.576978Z  INFO herdr::logging: session saved event="persist.save" subsystem="persist" outcome="ok" path=/home/jorgeav527/.config/herdr/session.json workspaces=2
2026-07-29T21:02:33.846257Z  INFO herdr::logging: workspace focused event="workspace.focus" subsystem="workspace" outcome="ok" workspace_id="w2"
2026-07-29T21:02:33.846901Z  INFO herdr::logging: tab focused event="tab.focus" subsystem="tab" outcome="ok" workspace_id="w2" tab_id="w2:t1"
2026-07-29T21:02:39.140778Z  INFO herdr::logging: session saved event="persist.save" subsystem="persist" outcome="ok" path=/home/jorgeav527/.config/herdr/session.json workspaces=2
2026-07-29T21:03:46.260686Z  INFO herdr::logging: workspace focused event="workspace.focus" subsystem="workspace" outcome="ok" workspace_id="w1"
2026-07-29T21:03:46.261315Z  INFO herdr::logging: tab focused event="tab.focus" subsystem="tab" outcome="ok" workspace_id="w1" tab_id="w1:t1"
2026-07-29T21:03:51.570703Z  INFO herdr::logging: session saved event="persist.save" subsystem="persist" outcome="ok" path=/home/jorgeav527/.config/herdr/session.json workspaces=2
2026-07-29T21:04:21.199392Z  INFO herdr::logging: spawning pane terminal event="pane.spawn.start" subsystem="pane" outcome="started" pane_id=13 rows=37 cols=125 scrollback_limit_bytes=10000000
2026-07-29T21:04:21.204739Z  INFO herdr::logging: pane child spawned event="pane.spawned" subsystem="pane" outcome="ok" pane_id=13 pid=40397
2026-07-29T21:04:21.206418Z  INFO herdr::logging: tab focused event="tab.focus" subsystem="tab" outcome="ok" workspace_id="w1" tab_id="w1:t3"
2026-07-29T21:04:26.211733Z  INFO herdr::logging: session saved event="persist.save" subsystem="persist" outcome="ok" path=/home/jorgeav527/.config/herdr/session.json workspaces=2
2026-07-29T21:04:32.092862Z  INFO herdr::logging: tab focused event="tab.focus" subsystem="tab" outcome="ok" workspace_id="w1" tab_id="w1:t1"
2026-07-29T21:04:37.097938Z  INFO herdr::logging: session saved event="persist.save" subsystem="persist" outcome="ok" path=/home/jorgeav527/.config/herdr/session.json workspaces=2
2026-07-29T21:07:05.135676Z  INFO herdr::logging: checking for updates event="update.check.start" subsystem="update" outcome="started"
2026-07-29T21:09:26.143409Z  INFO herdr::logging: tab focused event="tab.focus" subsystem="tab" outcome="ok" workspace_id="w1" tab_id="w1:t3"
2026-07-29T21:09:31.432361Z  INFO herdr::logging: session saved event="persist.save" subsystem="persist" outcome="ok" path=/home/jorgeav527/.config/herdr/session.json workspaces=2
2026-07-29T21:12:12.820424Z  INFO herdr::logging: tab focused event="tab.focus" subsystem="tab" outcome="ok" workspace_id="w1" tab_id="w1:t1"
2026-07-29T21:12:18.122470Z  INFO herdr::logging: session saved event="persist.save" subsystem="persist" outcome="ok" path=/home/jorgeav527/.config/herdr/session.json workspaces=2
2026-07-29T21:12:19.151738Z  INFO herdr::logging: spawning pane terminal event="pane.spawn.start" subsystem="pane" outcome="started" pane_id=14 rows=37 cols=125 scrollback_limit_bytes=10000000
2026-07-29T21:12:19.156278Z  INFO herdr::logging: pane child spawned event="pane.spawned" subsystem="pane" outcome="ok" pane_id=14 pid=41465
2026-07-29T21:12:19.157818Z  INFO herdr::logging: tab focused event="tab.focus" subsystem="tab" outcome="ok" workspace_id="w1" tab_id="w1:t4"
2026-07-29T21:12:24.163106Z  INFO herdr::logging: session saved event="persist.save" subsystem="persist" outcome="ok" path=/home/jorgeav527/.config/herdr/session.json workspaces=2
2026-07-29T21:13:02.037121Z  INFO herdr::logging: tab focused event="tab.focus" subsystem="tab" outcome="ok" workspace_id="w1" tab_id="w1:t3"
2026-07-29T21:13:03.257319Z  INFO herdr::logging: tab focused event="tab.focus" subsystem="tab" outcome="ok" workspace_id="w1" tab_id="w1:t1"
2026-07-29T21:13:08.261397Z  INFO herdr::logging: session saved event="persist.save" subsystem="persist" outcome="ok" path=/home/jorgeav527/.config/herdr/session.json workspaces=2
2026-07-29T21:13:51.038149Z  INFO herdr::logging: tab focused event="tab.focus" subsystem="tab" outcome="ok" workspace_id="w1" tab_id="w1:t3"
2026-07-29T21:13:51.929201Z  INFO herdr::logging: tab focused event="tab.focus" subsystem="tab" outcome="ok" workspace_id="w1" tab_id="w1:t4"
2026-07-29T21:13:56.934707Z  INFO herdr::logging: session saved event="persist.save" subsystem="persist" outcome="ok" path=/home/jorgeav527/.config/herdr/session.json workspaces=2
2026-07-29T21:14:46.013074Z  INFO herdr::app::actions: copied selection to clipboard
2026-07-29T21:15:47.083598Z  INFO herdr::app::actions: copied selection to clipboard
2026-07-29T21:15:51.988989Z  INFO herdr::logging: tab focused event="tab.focus" subsystem="tab" outcome="ok" workspace_id="w1" tab_id="w1:t3"
2026-07-29T21:15:52.753833Z  INFO herdr::logging: tab focused event="tab.focus" subsystem="tab" outcome="ok" workspace_id="w1" tab_id="w1:t1"
2026-07-29T21:15:57.758835Z  INFO herdr::logging: session saved event="persist.save" subsystem="persist" outcome="ok" path=/home/jorgeav527/.config/herdr/session.json workspaces=2
2026-07-29T21:17:26.754399Z  INFO herdr::logging: tab focused event="tab.focus" subsystem="tab" outcome="ok" workspace_id="w1" tab_id="w1:t3"
2026-07-29T21:17:29.009681Z  INFO herdr::logging: tab focused event="tab.focus" subsystem="tab" outcome="ok" workspace_id="w1" tab_id="w1:t4"
2026-07-29T21:17:34.014138Z  INFO herdr::logging: session saved event="persist.save" subsystem="persist" outcome="ok" path=/home/jorgeav527/.config/herdr/session.json workspaces=2
2026-07-29T21:17:34.069059Z  INFO herdr::logging: tab focused event="tab.focus" subsystem="tab" outcome="ok" workspace_id="w1" tab_id="w1:t3"
2026-07-29T21:17:35.879478Z  INFO herdr::logging: pane child exited event="pane.exit" subsystem="pane" outcome="completed" pane_id=13 status="ExitStatus { code: 1, signal: None }"
2026-07-29T21:17:35.887626Z  INFO herdr::pane: pane session terminated pane=13 pid=40397 signal=Hangup
2026-07-29T21:17:35.888554Z  WARN herdr::app::actions: PaneDied for unknown pane pane=13
2026-07-29T21:17:40.891082Z  INFO herdr::logging: session saved event="persist.save" subsystem="persist" outcome="ok" path=/home/jorgeav527/.config/herdr/session.json workspaces=2
2026-07-29T21:17:57.634242Z  INFO herdr::logging: tab focused event="tab.focus" subsystem="tab" outcome="ok" workspace_id="w1" tab_id="w1:t4"
2026-07-29T21:18:01.570802Z  INFO herdr::logging: tab focused event="tab.focus" subsystem="tab" outcome="ok" workspace_id="w1" tab_id="w1:t1"
2026-07-29T21:18:04.095535Z  INFO herdr::logging: pane child exited event="pane.exit" subsystem="pane" outcome="completed" pane_id=1 status="ExitStatus { code: 1, signal: None }"
2026-07-29T21:18:04.101760Z  INFO herdr::pane: pane session terminated pane=1 pid=10656 signal=Hangup
2026-07-29T21:18:04.104046Z  WARN herdr::app::actions: PaneDied for unknown pane pane=1
2026-07-29T21:18:09.106295Z  INFO herdr::logging: session saved event="persist.save" subsystem="persist" outcome="ok" path=/home/jorgeav527/.config/herdr/session.json workspaces=2
2026-07-29T21:19:08.552349Z  INFO herdr::app::actions: copied selection to clipboard
2026-07-29T21:24:12.501666Z  INFO herdr::app::actions: copied selection to clipboard
2026-07-29T21:25:25.626498Z  INFO herdr::logging: spawning pane terminal event="pane.spawn.start" subsystem="pane" outcome="started" pane_id=15 rows=37 cols=125 scrollback_limit_bytes=10000000
2026-07-29T21:25:25.629804Z  INFO herdr::logging: pane child spawned event="pane.spawned" subsystem="pane" outcome="ok" pane_id=15 pid=43433
2026-07-29T21:25:25.630986Z  INFO herdr::logging: tab focused event="tab.focus" subsystem="tab" outcome="ok" workspace_id="w1" tab_id="w1:t5"
2026-07-29T21:25:30.637851Z  INFO herdr::logging: session saved event="persist.save" subsystem="persist" outcome="ok" path=/home/jorgeav527/.config/herdr/session.json workspaces=2
2026-07-29T21:25:32.826473Z  INFO herdr::logging: tab focused event="tab.focus" subsystem="tab" outcome="ok" workspace_id="w1" tab_id="w1:t4"
2026-07-29T21:25:37.831675Z  INFO herdr::logging: session saved event="persist.save" subsystem="persist" outcome="ok" path=/home/jorgeav527/.config/herdr/session.json workspaces=2
2026-07-29T21:25:39.581338Z  INFO herdr::logging: tab focused event="tab.focus" subsystem="tab" outcome="ok" workspace_id="w1" tab_id="w1:t5"
2026-07-29T21:25:44.588316Z  INFO herdr::logging: session saved event="persist.save" subsystem="persist" outcome="ok" path=/home/jorgeav527/.config/herdr/session.json workspaces=2
2026-07-29T21:26:06.681315Z  INFO herdr::logging: tab focused event="tab.focus" subsystem="tab" outcome="ok" workspace_id="w1" tab_id="w1:t4"
2026-07-29T21:26:11.697502Z  INFO herdr::logging: session saved event="persist.save" subsystem="persist" outcome="ok" path=/home/jorgeav527/.config/herdr/session.json workspaces=2
2026-07-29T21:26:27.994682Z  INFO herdr::logging: spawning pane terminal event="pane.spawn.start" subsystem="pane" outcome="started" pane_id=16 rows=27 cols=97 scrollback_limit_bytes=10000000
2026-07-29T21:26:27.998562Z  INFO herdr::logging: pane child spawned event="pane.spawned" subsystem="pane" outcome="ok" pane_id=16 pid=43892
